../Core/Src/ds18b20.c:19:6:Ds18b20_Init	48	static
../Core/Src/ds18b20.c:58:6:Ds18b20_ManualConvert	8	static
../Core/Src/ds18b20.c:99:6:Task_Ds18b20	32	static
../Core/Src/ds18b20.c:159:9:DS18B20_Start	16	static
../Core/Src/ds18b20.c:175:6:DS18B20_StartAll	16	static
../Core/Src/ds18b20.c:184:6:DS18B20_Read	56	static
../Core/Src/ds18b20.c:280:9:DS18B20_GetResolution	24	static
../Core/Src/ds18b20.c:306:9:DS18B20_SetResolution	32	static
../Core/Src/ds18b20.c:363:9:DS18B20_Is	16	static
../Core/Src/ds18b20.c:371:9:DS18B20_SetAlarmLowTemperature	32	static
../Core/Src/ds18b20.c:422:9:DS18B20_SetAlarmHighTemperature	32	static
../Core/Src/ds18b20.c:473:9:DS18B20_DisableAlarmTemperature	24	static
../Core/Src/ds18b20.c:518:9:DS18B20_AlarmSearch	16	static
../Core/Src/ds18b20.c:523:9:DS18B20_AllDone	16	static
