../Core/Src/main.c:84:1:__io_putchar	16	static
../Core/Src/main.c:99:5:main	40	static
../Core/Src/main.c:183:6:SystemClock_Config	88	static
../Core/Src/main.c:227:6:Ds18b20_Init	48	static
../Core/Src/main.c:233:6:Task_Ds18b20	168	static
../Core/Src/main.c:261:6:Bmp180_Init	48	static
../Core/Src/main.c:275:6:Task_Bmp180	144	static
../Core/Src/main.c:294:6:Task_Blinky	16	static
../Core/Src/main.c:312:6:HAL_TIM_PeriodElapsedCallback	16	static
../Core/Src/main.c:329:6:Error_Handler	8	static,ignoring_inline_asm
