../Core/Src/onewire.c:23:6:ONEWIRE_DELAY	16	static
../Core/Src/onewire.c:28:6:ONEWIRE_LOW	16	static
../Core/Src/onewire.c:31:6:ONEWIRE_HIGH	16	static
../Core/Src/onewire.c:34:6:ONEWIRE_INPUT	40	static
../Core/Src/onewire.c:43:6:ONEWIRE_OUTPUT	40	static
../Core/Src/onewire.c:51:6:OneWire_Init	24	static
../Core/Src/onewire.c:66:16:OneWire_Reset	24	static
../Core/Src/onewire.c:86:13:OneWire_WriteBit	16	static
../Core/Src/onewire.c:115:16:OneWire_ReadBit	24	static
../Core/Src/onewire.c:140:6:OneWire_WriteByte	24	static
../Core/Src/onewire.c:150:9:OneWire_ReadByte	24	static
../Core/Src/onewire.c:160:9:OneWire_First	16	static
../Core/Src/onewire.c:168:9:OneWire_Next	16	static
../Core/Src/onewire.c:173:6:OneWire_ResetSearch	16	static
../Core/Src/onewire.c:180:9:OneWire_Search	24	static
../Core/Src/onewire.c:294:5:OneWire_Verify	48	static
../Core/Src/onewire.c:334:6:OneWire_TargetSetup	24	static
../Core/Src/onewire.c:348:6:OneWire_FamilySkipSetup	16	static
../Core/Src/onewire.c:359:9:OneWire_GetROM	16	static
../Core/Src/onewire.c:363:6:OneWire_Select	24	static
../Core/Src/onewire.c:372:6:OneWire_SelectWithPointer	24	static
../Core/Src/onewire.c:381:6:OneWire_GetFullROM	24	static
../Core/Src/onewire.c:388:9:OneWire_CRC8	24	static
